start
  instruction
    css b
  instruction
    css {
  instruction
    css h
  instruction
    css e
  instruction
    css i
  instruction
    css g
  instruction
    css h
  instruction
    css t
  instruction
    css :
  instruction
    css 1
  instruction
    css p
  instruction
    css x
  instruction
    css ;
  instruction
    css }