start
  instruction
    variable
      string    x